<html>
<body>
<pre>
<h1>µVision Build Log</h1>
<h2>Project:</h2>
C:\Users\Khaled\Desktop\Connect4Simulation\Connect4Simulation.uvproj
Project File Date:  06/05/2018

<h2>Output:</h2>
Rebuild target 'Connect4Simulation'
assembling startup.s...
assembling random.s...
compiling TExaS.c...
compiling VirtualNokia5110.c...
compiling Connect4Simulation.c...
linking...
Program Size: Code=6908 RO-data=2528 RW-data=132 ZI-data=1908  
".\Connect4Simulation.axf" - 0 Error(s), 0 Warning(s).
</pre>
</body>
</html>
